[STEP]  Deleting environment: docker-delete-test
[STEP]  Stopping stack
 Container docker-delete-test-data-portal  Stopping
 Container docker-delete-test-email-sender-service  Stopping
 Container docker-delete-test-sharing-service  Stopping
 Container docker-delete-test-backoffice-ui  Stopping
 Container docker-delete-test-sharing-service  Stopped
 Container docker-delete-test-sharing-service  Removing
 Container docker-delete-test-email-sender-service  Stopped
 Container docker-delete-test-email-sender-service  Removing
 Container docker-delete-test-sharing-service  Removed
 Container docker-delete-test-email-sender-service  Removed
 Container docker-delete-test-backoffice-ui  Stopped
 Container docker-delete-test-backoffice-ui  Removing
 Container docker-delete-test-backoffice-ui  Removed
 Container docker-delete-test-data-portal  Stopped
 Container docker-delete-test-data-portal  Removing
 Container docker-delete-test-data-portal  Removed
 Container docker-delete-test-gateway  Stopping
 Container docker-delete-test-gateway  Stopped
 Container docker-delete-test-gateway  Removing
 Container docker-delete-test-gateway  Removed
 Container docker-delete-test-converter-routine  Stopping
 Container docker-delete-test-resources-service  Stopping
 Container docker-delete-test-ingestor-service  Stopping
 Container docker-delete-test-external-access-service  Stopping
 Container docker-delete-test-converter-service  Stopping
 Container docker-delete-test-backoffice-service  Stopping
 Container docker-delete-test-converter-routine  Stopped
 Container docker-delete-test-converter-routine  Removing
 Container docker-delete-test-converter-routine  Removed
 Container docker-delete-test-ingestor-service  Stopped
 Container docker-delete-test-ingestor-service  Removing
 Container docker-delete-test-ingestor-service  Removed
 Container docker-delete-test-backoffice-service  Stopped
 Container docker-delete-test-backoffice-service  Removing
 Container docker-delete-test-backoffice-service  Removed
 Container docker-delete-test-resources-service  Stopped
 Container docker-delete-test-resources-service  Removing
 Container docker-delete-test-resources-service  Removed
 Container docker-delete-test-external-access-service  Stopped
 Container docker-delete-test-external-access-service  Removing
 Container docker-delete-test-external-access-service  Removed
 Container docker-delete-test-converter-service  Stopped
 Container docker-delete-test-converter-service  Removing
 Container docker-delete-test-converter-service  Removed
 Container docker-delete-test-rabbitmq  Stopping
 Container docker-delete-test-metadata-database  Stopping
 Container docker-delete-test-rabbitmq  Stopped
 Container docker-delete-test-rabbitmq  Removing
 Container docker-delete-test-rabbitmq  Removed
 Container docker-delete-test-metadata-database  Stopped
 Container docker-delete-test-metadata-database  Removing
 Container docker-delete-test-metadata-database  Removed
 Volume docker-delete-test_converter  Removing
 Volume docker-delete-test_psqldata  Removing
 Network docker-delete-test_epos_network  Removing
 Volume docker-delete-test_converter  Removed
 Volume docker-delete-test_psqldata  Removed
 Network docker-delete-test_epos_network  Removed
[DONE]  Stopped environment: docker-delete-test
[STEP]  Deleting environment directory: /testdir/
[DONE]  Deleted environment directory: /testdir/
[DONE]  Deleted environment: docker-delete-test
